/var/spool/slurm/d/job8443441/slurm_script: line 25: [: missing `]'
/var/spool/slurm/d/job8443441/slurm_script: line 30: [: missing `]'
slurmstepd: error: *** JOB 8443441 ON dwarf48 CANCELLED AT 2019-11-09T19:21:40 ***
